<?xml version="1.0" encoding="UTF-8"?>
<testsuites>
  <testsuite name="" tests="19" assertions="44" errors="0" warnings="0" failures="0" skipped="0" time="0.315618">
    <testsuite name="Unit" tests="19" assertions="44" errors="0" warnings="0" failures="0" skipped="0" time="0.315618">
      <testsuite name="Jankx\Extensions\JankxUX\Tests\AjaxManagerTest" file="/home/puleeno/Projects/tacayopet-wp/wp-content/themes/jankx/extensions/jankx-ux/tests/AjaxManagerTest.php" tests="4" assertions="4" errors="0" warnings="0" failures="0" skipped="0" time="0.293842">
        <testcase name="testAjaxActionsAreRegistered" class="Jankx\Extensions\JankxUX\Tests\AjaxManagerTest" classname="Jankx.Extensions.JankxUX.Tests.AjaxManagerTest" file="/home/puleeno/Projects/tacayopet-wp/wp-content/themes/jankx/extensions/jankx-ux/tests/AjaxManagerTest.php" line="28" assertions="1" time="0.271790"/>
        <testcase name="testRenderPreviewReturnsSuccessResponse" class="Jankx\Extensions\JankxUX\Tests\AjaxManagerTest" classname="Jankx.Extensions.JankxUX.Tests.AjaxManagerTest" file="/home/puleeno/Projects/tacayopet-wp/wp-content/themes/jankx/extensions/jankx-ux/tests/AjaxManagerTest.php" line="42" assertions="1" time="0.019122"/>
        <testcase name="testRenderPreviewRejectsInvalidNonce" class="Jankx\Extensions\JankxUX\Tests\AjaxManagerTest" classname="Jankx.Extensions.JankxUX.Tests.AjaxManagerTest" file="/home/puleeno/Projects/tacayopet-wp/wp-content/themes/jankx/extensions/jankx-ux/tests/AjaxManagerTest.php" line="65" assertions="1" time="0.001634"/>
        <testcase name="testSaveContentRequiresPermission" class="Jankx\Extensions\JankxUX\Tests\AjaxManagerTest" classname="Jankx.Extensions.JankxUX.Tests.AjaxManagerTest" file="/home/puleeno/Projects/tacayopet-wp/wp-content/themes/jankx/extensions/jankx-ux/tests/AjaxManagerTest.php" line="85" assertions="1" time="0.001295"/>
      </testsuite>
      <testsuite name="Jankx\Extensions\JankxUX\Tests\ElementRegistryTest" file="/home/puleeno/Projects/tacayopet-wp/wp-content/themes/jankx/extensions/jankx-ux/tests/ElementRegistryTest.php" tests="6" assertions="18" errors="0" warnings="0" failures="0" skipped="0" time="0.010446">
        <testcase name="testCanRegisterElement" class="Jankx\Extensions\JankxUX\Tests\ElementRegistryTest" classname="Jankx.Extensions.JankxUX.Tests.ElementRegistryTest" file="/home/puleeno/Projects/tacayopet-wp/wp-content/themes/jankx/extensions/jankx-ux/tests/ElementRegistryTest.php" line="28" assertions="2" time="0.003837"/>
        <testcase name="testCanGetAllElements" class="Jankx\Extensions\JankxUX\Tests\ElementRegistryTest" classname="Jankx.Extensions.JankxUX.Tests.ElementRegistryTest" file="/home/puleeno/Projects/tacayopet-wp/wp-content/themes/jankx/extensions/jankx-ux/tests/ElementRegistryTest.php" line="43" assertions="4" time="0.006063"/>
        <testcase name="testCanGetElementCount" class="Jankx\Extensions\JankxUX\Tests\ElementRegistryTest" classname="Jankx.Extensions.JankxUX.Tests.ElementRegistryTest" file="/home/puleeno/Projects/tacayopet-wp/wp-content/themes/jankx/extensions/jankx-ux/tests/ElementRegistryTest.php" line="60" assertions="3" time="0.000121"/>
        <testcase name="testCanGetCategorizedElements" class="Jankx\Extensions\JankxUX\Tests\ElementRegistryTest" classname="Jankx.Extensions.JankxUX.Tests.ElementRegistryTest" file="/home/puleeno/Projects/tacayopet-wp/wp-content/themes/jankx/extensions/jankx-ux/tests/ElementRegistryTest.php" line="74" assertions="4" time="0.000145"/>
        <testcase name="testCanSearchElements" class="Jankx\Extensions\JankxUX\Tests\ElementRegistryTest" classname="Jankx.Extensions.JankxUX.Tests.ElementRegistryTest" file="/home/puleeno/Projects/tacayopet-wp/wp-content/themes/jankx/extensions/jankx-ux/tests/ElementRegistryTest.php" line="100" assertions="2" time="0.000141"/>
        <testcase name="testCanGetElementsByCategory" class="Jankx\Extensions\JankxUX\Tests\ElementRegistryTest" classname="Jankx.Extensions.JankxUX.Tests.ElementRegistryTest" file="/home/puleeno/Projects/tacayopet-wp/wp-content/themes/jankx/extensions/jankx-ux/tests/ElementRegistryTest.php" line="120" assertions="3" time="0.000139"/>
      </testsuite>
      <testsuite name="Jankx\Extensions\JankxUX\Tests\Elements\TextElementTest" file="/home/puleeno/Projects/tacayopet-wp/wp-content/themes/jankx/extensions/jankx-ux/tests/Elements/TextElementTest.php" tests="8" assertions="19" errors="0" warnings="0" failures="0" skipped="0" time="0.009383">
        <testcase name="testElementHasCorrectConfiguration" class="Jankx\Extensions\JankxUX\Tests\Elements\TextElementTest" classname="Jankx.Extensions.JankxUX.Tests.Elements.TextElementTest" file="/home/puleeno/Projects/tacayopet-wp/wp-content/themes/jankx/extensions/jankx-ux/tests/Elements/TextElementTest.php" line="34" assertions="5" time="0.001958"/>
        <testcase name="testElementHasRequiredOptions" class="Jankx\Extensions\JankxUX\Tests\Elements\TextElementTest" classname="Jankx.Extensions.JankxUX.Tests.Elements.TextElementTest" file="/home/puleeno/Projects/tacayopet-wp/wp-content/themes/jankx/extensions/jankx-ux/tests/Elements/TextElementTest.php" line="48" assertions="6" time="0.000973"/>
        <testcase name="testRenderWithDefaults" class="Jankx\Extensions\JankxUX\Tests\Elements\TextElementTest" classname="Jankx.Extensions.JankxUX.Tests.Elements.TextElementTest" file="/home/puleeno/Projects/tacayopet-wp/wp-content/themes/jankx/extensions/jankx-ux/tests/Elements/TextElementTest.php" line="66" assertions="2" time="0.002932"/>
        <testcase name="testRenderWithTextContent" class="Jankx\Extensions\JankxUX\Tests\Elements\TextElementTest" classname="Jankx.Extensions.JankxUX.Tests.Elements.TextElementTest" file="/home/puleeno/Projects/tacayopet-wp/wp-content/themes/jankx/extensions/jankx-ux/tests/Elements/TextElementTest.php" line="77" assertions="1" time="0.000605"/>
        <testcase name="testRenderWithTextAlign" class="Jankx\Extensions\JankxUX\Tests\Elements\TextElementTest" classname="Jankx.Extensions.JankxUX.Tests.Elements.TextElementTest" file="/home/puleeno/Projects/tacayopet-wp/wp-content/themes/jankx/extensions/jankx-ux/tests/Elements/TextElementTest.php" line="88" assertions="1" time="0.000626"/>
        <testcase name="testRenderWithTextColor" class="Jankx\Extensions\JankxUX\Tests\Elements\TextElementTest" classname="Jankx.Extensions.JankxUX.Tests.Elements.TextElementTest" file="/home/puleeno/Projects/tacayopet-wp/wp-content/themes/jankx/extensions/jankx-ux/tests/Elements/TextElementTest.php" line="99" assertions="1" time="0.000715"/>
        <testcase name="testRenderWithCustomClass" class="Jankx\Extensions\JankxUX\Tests\Elements\TextElementTest" classname="Jankx.Extensions.JankxUX.Tests.Elements.TextElementTest" file="/home/puleeno/Projects/tacayopet-wp/wp-content/themes/jankx/extensions/jankx-ux/tests/Elements/TextElementTest.php" line="110" assertions="1" time="0.000636"/>
        <testcase name="testElementRegistration" class="Jankx\Extensions\JankxUX\Tests\Elements\TextElementTest" classname="Jankx.Extensions.JankxUX.Tests.Elements.TextElementTest" file="/home/puleeno/Projects/tacayopet-wp/wp-content/themes/jankx/extensions/jankx-ux/tests/Elements/TextElementTest.php" line="121" assertions="2" time="0.000938"/>
      </testsuite>
      <testsuite name="Jankx\Extensions\JankxUX\Tests\ShortcodeTest" file="/home/puleeno/Projects/tacayopet-wp/wp-content/themes/jankx/extensions/jankx-ux/tests/ShortcodeTest.php" tests="1" assertions="3" errors="0" warnings="0" failures="0" skipped="0" time="0.001947">
        <testcase name="testGetWrapperClasses" class="Jankx\Extensions\JankxUX\Tests\ShortcodeTest" classname="Jankx.Extensions.JankxUX.Tests.ShortcodeTest" file="/home/puleeno/Projects/tacayopet-wp/wp-content/themes/jankx/extensions/jankx-ux/tests/ShortcodeTest.php" line="22" assertions="3" time="0.001947"/>
      </testsuite>
    </testsuite>
  </testsuite>
</testsuites>
